This file contains any messages produced by compilers while
running configure, to aid debugging if configure makes a mistake.

It was created by tpm2-tss configure 4.1.0-176-g321d317d-dirty, which was
generated by GNU Autoconf 2.71.  Invocation command line was

  $ ./configure --enable-unit --disable-fapi --disable-policy

## --------- ##
## Platform. ##
## --------- ##

hostname = jon-mint
uname -m = x86_64
uname -r = 6.8.0-100-generic
uname -s = Linux
uname -v = #100-Ubuntu SMP PREEMPT_DYNAMIC Tue Jan 13 16:40:06 UTC 2026

/usr/bin/uname -p = x86_64
/bin/uname -X     = unknown

/bin/arch              = x86_64
/usr/bin/arch -k       = unknown
/usr/convex/getsysinfo = unknown
/usr/bin/hostinfo      = unknown
/bin/machine           = unknown
/usr/bin/oslevel       = unknown
/bin/universe          = unknown

PATH: /usr/bin/
PATH: /home/jon/bin/
PATH: /home/jon/.local/bin/
PATH: /home/jon/.cargo/bin/
PATH: /home/jon/bin/
PATH: /usr/local/sbin/
PATH: /usr/local/bin/
PATH: /usr/sbin/
PATH: /usr/bin/
PATH: /sbin/
PATH: /bin/
PATH: /usr/games/
PATH: /usr/local/games/
PATH: /snap/bin/
PATH: /home/jon/go/bin/


## ----------- ##
## Core tests. ##
## ----------- ##

configure:3117: looking for aux files: ltmain.sh compile config.guess config.sub missing install-sh
configure:3130:  trying ./
configure:3159:   ./ltmain.sh found
configure:3159:   ./compile found
configure:3159:   ./config.guess found
configure:3159:   ./config.sub found
configure:3159:   ./missing found
configure:3141:   ./install-sh found
configure:3289: checking for a BSD-compatible install
configure:3362: result: /usr/bin/install -c
configure:3373: checking whether build environment is sane
configure:3428: result: yes
configure:3587: checking for a race-free mkdir -p
configure:3631: result: /usr/bin/mkdir -p
configure:3638: checking for gawk
configure:3659: found /usr/bin/gawk
configure:3670: result: gawk
configure:3681: checking whether make sets $(MAKE)
configure:3704: result: yes
configure:3734: checking whether make supports nested variables
configure:3752: result: yes
configure:3900: checking whether make supports nested variables
configure:3918: result: yes
configure:3946: checking build system type
configure:3961: result: x86_64-pc-linux-gnu
configure:3981: checking host system type
configure:3995: result: x86_64-pc-linux-gnu

## ---------------- ##
## Cache variables. ##
## ---------------- ##

ac_cv_build=x86_64-pc-linux-gnu
ac_cv_env_CCC_set=
ac_cv_env_CCC_value=
ac_cv_env_CC_set=
ac_cv_env_CC_value=
ac_cv_env_CFLAGS_set=
ac_cv_env_CFLAGS_value=
ac_cv_env_CMOCKA_CFLAGS_set=
ac_cv_env_CMOCKA_CFLAGS_value=
ac_cv_env_CMOCKA_LIBS_set=
ac_cv_env_CMOCKA_LIBS_value=
ac_cv_env_CPPFLAGS_set=
ac_cv_env_CPPFLAGS_value=
ac_cv_env_CRYPTO_CFLAGS_set=
ac_cv_env_CRYPTO_CFLAGS_value=
ac_cv_env_CRYPTO_LIBS_set=
ac_cv_env_CRYPTO_LIBS_value=
ac_cv_env_CURL_CFLAGS_set=
ac_cv_env_CURL_CFLAGS_value=
ac_cv_env_CURL_LIBS_set=
ac_cv_env_CURL_LIBS_value=
ac_cv_env_CXXCPP_set=
ac_cv_env_CXXCPP_value=
ac_cv_env_CXXFLAGS_set=
ac_cv_env_CXXFLAGS_value=
ac_cv_env_CXX_set=
ac_cv_env_CXX_value=
ac_cv_env_JSONC_CFLAGS_set=
ac_cv_env_JSONC_CFLAGS_value=
ac_cv_env_JSONC_LIBS_set=
ac_cv_env_JSONC_LIBS_value=
ac_cv_env_LDFLAGS_set=
ac_cv_env_LDFLAGS_value=
ac_cv_env_LIBFTDI_CFLAGS_set=
ac_cv_env_LIBFTDI_CFLAGS_value=
ac_cv_env_LIBFTDI_LIBS_set=
ac_cv_env_LIBFTDI_LIBS_value=
ac_cv_env_LIBS_set=
ac_cv_env_LIBS_value=
ac_cv_env_LIBUSB_CFLAGS_set=
ac_cv_env_LIBUSB_CFLAGS_value=
ac_cv_env_LIBUSB_LIBS_set=
ac_cv_env_LIBUSB_LIBS_value=
ac_cv_env_LT_SYS_LIBRARY_PATH_set=
ac_cv_env_LT_SYS_LIBRARY_PATH_value=
ac_cv_env_PKG_CONFIG_LIBDIR_set=
ac_cv_env_PKG_CONFIG_LIBDIR_value=
ac_cv_env_PKG_CONFIG_PATH_set=
ac_cv_env_PKG_CONFIG_PATH_value=
ac_cv_env_PKG_CONFIG_set=
ac_cv_env_PKG_CONFIG_value=
ac_cv_env_UUID_CFLAGS_set=
ac_cv_env_UUID_CFLAGS_value=
ac_cv_env_UUID_LIBS_set=
ac_cv_env_UUID_LIBS_value=
ac_cv_env_build_alias_set=
ac_cv_env_build_alias_value=
ac_cv_env_host_alias_set=
ac_cv_env_host_alias_value=
ac_cv_env_target_alias_set=
ac_cv_env_target_alias_value=
ac_cv_host=x86_64-pc-linux-gnu
ac_cv_path_install='/usr/bin/install -c'
ac_cv_path_mkdir=/usr/bin/mkdir
ac_cv_prog_AWK=gawk
ac_cv_prog_make_make_set=yes
am_cv_make_support_nested_variables=yes

## ----------------- ##
## Output variables. ##
## ----------------- ##

ACLOCAL='${SHELL} '\''/home/jon/tpm2-tss/tpm2-tss/missing'\'' aclocal-1.16'
AMDEPBACKSLASH=''
AMDEP_FALSE=''
AMDEP_TRUE=''
AMTAR='$${TAR-tar}'
AM_BACKSLASH='\'
AM_DEFAULT_V='$(AM_DEFAULT_VERBOSITY)'
AM_DEFAULT_VERBOSITY='0'
AM_V='$(V)'
AR=''
AUTOCONF='${SHELL} '\''/home/jon/tpm2-tss/tpm2-tss/missing'\'' autoconf'
AUTOCONF_CODE_COVERAGE_2019_01_06_FALSE=''
AUTOCONF_CODE_COVERAGE_2019_01_06_TRUE=''
AUTOHEADER='${SHELL} '\''/home/jon/tpm2-tss/tpm2-tss/missing'\'' autoheader'
AUTOMAKE='${SHELL} '\''/home/jon/tpm2-tss/tpm2-tss/missing'\'' automake-1.16'
AWK='gawk'
CC=''
CCDEPMODE=''
CFLAGS=''
CMOCKA_CFLAGS=''
CMOCKA_LIBS=''
CPPFLAGS=''
CRYPTO_CFLAGS=''
CRYPTO_LIBS=''
CSCOPE='cscope'
CTAGS='ctags'
CURL_CFLAGS=''
CURL_LIBS=''
CXX=''
CXXCPP=''
CXXDEPMODE=''
CXXFLAGS=''
CYGPATH_W='echo'
DEFS=''
DEPDIR=''
DEVICEDESTRUCTIVE_FALSE=''
DEVICEDESTRUCTIVE_TRUE=''
DEVICEMANDATORY_FALSE=''
DEVICEMANDATORY_TRUE=''
DEVICEOPTIONAL_FALSE=''
DEVICEOPTIONAL_TRUE=''
DISTCHECK_CONFIGURE_FLAGS=' '\''--enable-unit'\'' '\''--disable-fapi'\'' '\''--disable-policy'\'''
DLLTOOL=''
DOXYMAN_FALSE=''
DOXYMAN_TRUE=''
DSYMUTIL=''
DUMPBIN=''
ECHO_C=''
ECHO_N='-n'
ECHO_T=''
EGREP=''
ENABLE_FUZZING_FALSE=''
ENABLE_FUZZING_TRUE=''
ENABLE_INTEGRATION=''
ENABLE_INTEGRATION_FALSE=''
ENABLE_INTEGRATION_TRUE=''
ENABLE_TCTI_CMD_FALSE=''
ENABLE_TCTI_CMD_TRUE=''
ENABLE_TCTI_DEVICE_FALSE=''
ENABLE_TCTI_DEVICE_TRUE=''
ENABLE_TCTI_FUZZING_FALSE=''
ENABLE_TCTI_FUZZING_TRUE=''
ENABLE_TCTI_I2C_FTDI_FALSE=''
ENABLE_TCTI_I2C_FTDI_TRUE=''
ENABLE_TCTI_I2C_HELPER_FALSE=''
ENABLE_TCTI_I2C_HELPER_TRUE=''
ENABLE_TCTI_LIBTPMS_FALSE=''
ENABLE_TCTI_LIBTPMS_TRUE=''
ENABLE_TCTI_MSSIM_FALSE=''
ENABLE_TCTI_MSSIM_TRUE=''
ENABLE_TCTI_NULL_FALSE=''
ENABLE_TCTI_NULL_TRUE=''
ENABLE_TCTI_PCAP_FALSE=''
ENABLE_TCTI_PCAP_TRUE=''
ENABLE_TCTI_SPIDEV_FALSE=''
ENABLE_TCTI_SPIDEV_TRUE=''
ENABLE_TCTI_SPI_FTDI_FALSE=''
ENABLE_TCTI_SPI_FTDI_TRUE=''
ENABLE_TCTI_SPI_HELPER_FALSE=''
ENABLE_TCTI_SPI_HELPER_TRUE=''
ENABLE_TCTI_SPI_LTT2GO_FALSE=''
ENABLE_TCTI_SPI_LTT2GO_TRUE=''
ENABLE_TCTI_SWTPM_FALSE=''
ENABLE_TCTI_SWTPM_TRUE=''
ENABLE_UTIL_IO_FALSE=''
ENABLE_UTIL_IO_TRUE=''
ESYS_FALSE=''
ESYS_MBED_FALSE=''
ESYS_MBED_TRUE=''
ESYS_OSSL_FALSE=''
ESYS_OSSL_TRUE=''
ESYS_TRUE=''
ETAGS='etags'
EXEEXT=''
FAPI_FALSE=''
FAPI_TRUE=''
FGREP=''
FILECMD=''
FUZZ_LDFLAGS=''
GREP=''
HAVE_LD_VERSION_SCRIPT_FALSE=''
HAVE_LD_VERSION_SCRIPT_TRUE=''
HOSTOS=''
HOSTOS_LINUX_FALSE=''
HOSTOS_LINUX_TRUE=''
INIT_CA_FALSE=''
INIT_CA_TRUE=''
INSTALL_DATA='${INSTALL} -m 644'
INSTALL_PROGRAM='${INSTALL}'
INSTALL_SCRIPT='${INSTALL}'
INSTALL_STRIP_PROGRAM='$(install_sh) -c -s'
INTEGRATION_TCTI=''
JSONC_CFLAGS=''
JSONC_LIBS=''
LD=''
LDFLAGS=''
LIBADD_DL=''
LIBADD_DLD_LINK=''
LIBADD_DLOPEN=''
LIBADD_SHL_LOAD=''
LIBFTDI_CFLAGS=''
LIBFTDI_LIBS=''
LIBOBJS=''
LIBS=''
LIBSOCKET_LDFLAGS=''
LIBTOOL=''
LIBUSB_CFLAGS=''
LIBUSB_LIBS=''
LIPO=''
LN_S=''
LTLIBOBJS=''
LT_DLLOADERS=''
LT_DLPREOPEN=''
LT_SYS_LIBRARY_PATH=''
MAKEINFO='${SHELL} '\''/home/jon/tpm2-tss/tpm2-tss/missing'\'' makeinfo'
MANIFEST_TOOL=''
MKDIR_P='/usr/bin/mkdir -p'
NM=''
NMEDIT=''
NO_DL_FALSE=''
NO_DL_TRUE=''
OBJDUMP=''
OBJEXT=''
OTOOL64=''
OTOOL=''
PACKAGE='tpm2-tss'
PACKAGE_BUGREPORT='https://github.com/tpm2-software/tpm2-tss/issues'
PACKAGE_NAME='tpm2-tss'
PACKAGE_STRING='tpm2-tss 4.1.0-176-g321d317d-dirty'
PACKAGE_TARNAME='tpm2-tss'
PACKAGE_URL='https://github.com/tpm2-software/tpm2-tss'
PACKAGE_VERSION='4.1.0-176-g321d317d-dirty'
PATH='/usr/bin:/home/jon/bin:/home/jon/.local/bin:/home/jon/.cargo/bin:/home/jon/bin:/usr/local/sbin:/usr/local/bin:/usr/sbin:/usr/bin:/sbin:/bin:/usr/games:/usr/local/games:/snap/bin:/home/jon/go/bin'
PATH_SEPARATOR=':'
PKG_CONFIG=''
PKG_CONFIG_LIBDIR=''
PKG_CONFIG_PATH=''
POLICY_FALSE=''
POLICY_TRUE=''
RANLIB=''
SANITIZER_CFLAGS=''
SANITIZER_LDFLAGS=''
SED=''
SET_MAKE=''
SHELL='/bin/bash'
STRIP=''
SYSD_SYSUSERS_FALSE=''
SYSD_SYSUSERS_TRUE=''
SYSD_TMPFILES_FALSE=''
SYSD_TMPFILES_TRUE=''
TESTDEVICE_FALSE=''
TESTDEVICE_TRUE=''
TSS2_ESYS_CFLAGS_CRYPTO=''
TSS2_ESYS_LDFLAGS_CRYPTO=''
UNIT_FALSE=''
UNIT_TRUE=''
UUID_CFLAGS=''
UUID_LIBS=''
VENDOR_FALSE=''
VENDOR_TRUE=''
VERSION='4.1.0-176-g321d317d-dirty'
WITH_UDEVRULESPREFIX_FALSE=''
WITH_UDEVRULESPREFIX_TRUE=''
ac_ct_AR=''
ac_ct_CC=''
ac_ct_CXX=''
ac_ct_DUMPBIN=''
addgroup=''
adduser=''
am__EXEEXT_FALSE=''
am__EXEEXT_TRUE=''
am__fastdepCC_FALSE=''
am__fastdepCC_TRUE=''
am__fastdepCXX_FALSE=''
am__fastdepCXX_TRUE=''
am__include=''
am__isrc=''
am__leading_dot='.'
am__nodep=''
am__quote=''
am__tar='$${TAR-tar} chof - "$$tardir"'
am__untar='$${TAR-tar} xf -'
bindir='${exec_prefix}/bin'
build='x86_64-pc-linux-gnu'
build_alias=''
build_cpu='x86_64'
build_os='linux-gnu'
build_vendor='pc'
datadir='${datarootdir}'
datarootdir='${prefix}/share'
docdir='${datarootdir}/doc/${PACKAGE_TARNAME}'
dvidir='${docdir}'
exec_prefix='NONE'
groupadd=''
host='x86_64-pc-linux-gnu'
host_alias=''
host_cpu='x86_64'
host_os='linux-gnu'
host_vendor='pc'
htmldir='${docdir}'
imameasurements=''
imameasurements_std=''
includedir='${prefix}/include'
infodir='${datarootdir}/info'
install_sh='${SHELL} /home/jon/tpm2-tss/tpm2-tss/install-sh'
libdir='${exec_prefix}/lib'
libexecdir='${exec_prefix}/libexec'
localedir='${datarootdir}/locale'
localstatedir='${prefix}/var'
mandir='${datarootdir}/man'
mkdir_p='$(MKDIR_P)'
oldincludedir='/usr/include'
pdfdir='${docdir}'
pkgconfigdir=''
prefix='NONE'
program_transform_name='s,x,x,'
psdir='${docdir}'
result_awk=''
result_basename=''
result_cat=''
result_dirname=''
result_doxygen=''
result_echo=''
result_env=''
result_expr=''
result_grep=''
result_kill=''
result_mktemp=''
result_od=''
result_realpath=''
result_rm=''
result_sleep=''
result_sockstat=''
result_ss=''
result_stdbuf=''
result_swtpm=''
result_tpm_server=''
runstatedir='${localstatedir}/run'
sbindir='${exec_prefix}/sbin'
sharedstatedir='${prefix}/com'
sysconfdir='${prefix}/etc'
sysmeasurements=''
sysmeasurements_std=''
systemd_sysusers=''
systemd_tmpfiles=''
sysusersdir=''
target_alias=''
tmpfilesdir=''
udevrulesdir=''
udevrulesprefix=''
useradd=''
userstatedir=''

## ----------- ##
## confdefs.h. ##
## ----------- ##

/* confdefs.h */
#define PACKAGE_NAME "tpm2-tss"
#define PACKAGE_TARNAME "tpm2-tss"
#define PACKAGE_VERSION "4.1.0-176-g321d317d-dirty"
#define PACKAGE_STRING "tpm2-tss 4.1.0-176-g321d317d-dirty"
#define PACKAGE_BUGREPORT "https://github.com/tpm2-software/tpm2-tss/issues"
#define PACKAGE_URL "https://github.com/tpm2-software/tpm2-tss"
#define PACKAGE "tpm2-tss"
#define VERSION "4.1.0-176-g321d317d-dirty"

configure: exit 2
